// Jest Snapshot v1, https://goo.gl/fbAQLP

exports[`matches snapshot 1`] = `
<DocumentFragment>
  <div
    class="text-center"
  >
    <h1
      class="display-3"
    >
      JOBLY
    </h1>
    <p
      class="lead"
    >
      All of the jobs, all of the times, all of the places.
    </p>
    <p>
       Welcome back, Elliot Alderson! 
    </p>
  </div>
</DocumentFragment>
`;
