// Jest Snapshot v1, https://goo.gl/fbAQLP

exports[`matches snapshot 1`] = `
<DocumentFragment>
  <div
    class="row justify-content-center mt-5"
  >
    <div
      class="col-auto"
    >
      <div
        class="lds-ring"
      >
        <div />
        <div />
        <div />
        <div />
      </div>
    </div>
  </div>
</DocumentFragment>
`;
